Archive member included to satisfy reference by file (symbol)

d:/vxt/st-stm32cubeide_1.10.1/stm32cubeide_1.10.1/stm32cubeide/plugins/com.st.stm32cube.ide.mcu.externaltools.gnu-tools-for-stm32.10.3-2021.10.win32_1.0.0.202111181127/tools/bin/../lib/gcc/arm-none-eabi/10.3.1/../../../../arm-none-eabi/lib/thumb/v7e-m+fp/hard\libc_nano.a(lib_a-errno.o)
                              ./Core/Src/syscalls.o (__errno)
d:/vxt/st-stm32cubeide_1.10.1/stm32cubeide_1.10.1/stm32cubeide/plugins/com.st.stm32cube.ide.mcu.externaltools.gnu-tools-for-stm32.10.3-2021.10.win32_1.0.0.202111181127/tools/bin/../lib/gcc/arm-none-eabi/10.3.1/../../../../arm-none-eabi/lib/thumb/v7e-m+fp/hard\libc_nano.a(lib_a-exit.o)
                              d:/vxt/st-stm32cubeide_1.10.1/stm32cubeide_1.10.1/stm32cubeide/plugins/com.st.stm32cube.ide.mcu.externaltools.gnu-tools-for-stm32.10.3-2021.10.win32_1.0.0.202111181127/tools/bin/../lib/gcc/arm-none-eabi/10.3.1/../../../../arm-none-eabi/lib/thumb/v7e-m+fp/hard/crt0.o (exit)
d:/vxt/st-stm32cubeide_1.10.1/stm32cubeide_1.10.1/stm32cubeide/plugins/com.st.stm32cube.ide.mcu.externaltools.gnu-tools-for-stm32.10.3-2021.10.win32_1.0.0.202111181127/tools/bin/../lib/gcc/arm-none-eabi/10.3.1/../../../../arm-none-eabi/lib/thumb/v7e-m+fp/hard\libc_nano.a(lib_a-impure.o)
                              d:/vxt/st-stm32cubeide_1.10.1/stm32cubeide_1.10.1/stm32cubeide/plugins/com.st.stm32cube.ide.mcu.externaltools.gnu-tools-for-stm32.10.3-2021.10.win32_1.0.0.202111181127/tools/bin/../lib/gcc/arm-none-eabi/10.3.1/../../../../arm-none-eabi/lib/thumb/v7e-m+fp/hard\libc_nano.a(lib_a-exit.o) (_global_impure_ptr)
d:/vxt/st-stm32cubeide_1.10.1/stm32cubeide_1.10.1/stm32cubeide/plugins/com.st.stm32cube.ide.mcu.externaltools.gnu-tools-for-stm32.10.3-2021.10.win32_1.0.0.202111181127/tools/bin/../lib/gcc/arm-none-eabi/10.3.1/../../../../arm-none-eabi/lib/thumb/v7e-m+fp/hard\libc_nano.a(lib_a-init.o)
                              d:/vxt/st-stm32cubeide_1.10.1/stm32cubeide_1.10.1/stm32cubeide/plugins/com.st.stm32cube.ide.mcu.externaltools.gnu-tools-for-stm32.10.3-2021.10.win32_1.0.0.202111181127/tools/bin/../lib/gcc/arm-none-eabi/10.3.1/../../../../arm-none-eabi/lib/thumb/v7e-m+fp/hard/crt0.o (__libc_init_array)
d:/vxt/st-stm32cubeide_1.10.1/stm32cubeide_1.10.1/stm32cubeide/plugins/com.st.stm32cube.ide.mcu.externaltools.gnu-tools-for-stm32.10.3-2021.10.win32_1.0.0.202111181127/tools/bin/../lib/gcc/arm-none-eabi/10.3.1/../../../../arm-none-eabi/lib/thumb/v7e-m+fp/hard\libc_nano.a(lib_a-memset.o)
                              d:/vxt/st-stm32cubeide_1.10.1/stm32cubeide_1.10.1/stm32cubeide/plugins/com.st.stm32cube.ide.mcu.externaltools.gnu-tools-for-stm32.10.3-2021.10.win32_1.0.0.202111181127/tools/bin/../lib/gcc/arm-none-eabi/10.3.1/../../../../arm-none-eabi/lib/thumb/v7e-m+fp/hard/crt0.o (memset)

Discarded input sections

 .text          0x0000000000000000        0x0 d:/vxt/st-stm32cubeide_1.10.1/stm32cubeide_1.10.1/stm32cubeide/plugins/com.st.stm32cube.ide.mcu.externaltools.gnu-tools-for-stm32.10.3-2021.10.win32_1.0.0.202111181127/tools/bin/../lib/gcc/arm-none-eabi/10.3.1/thumb/v7e-m+fp/hard/crti.o
 .data          0x0000000000000000        0x0 d:/vxt/st-stm32cubeide_1.10.1/stm32cubeide_1.10.1/stm32cubeide/plugins/com.st.stm32cube.ide.mcu.externaltools.gnu-tools-for-stm32.10.3-2021.10.win32_1.0.0.202111181127/tools/bin/../lib/gcc/arm-none-eabi/10.3.1/thumb/v7e-m+fp/hard/crti.o
 .bss           0x0000000000000000        0x0 d:/vxt/st-stm32cubeide_1.10.1/stm32cubeide_1.10.1/stm32cubeide/plugins/com.st.stm32cube.ide.mcu.externaltools.gnu-tools-for-stm32.10.3-2021.10.win32_1.0.0.202111181127/tools/bin/../lib/gcc/arm-none-eabi/10.3.1/thumb/v7e-m+fp/hard/crti.o
 .data          0x0000000000000000        0x4 d:/vxt/st-stm32cubeide_1.10.1/stm32cubeide_1.10.1/stm32cubeide/plugins/com.st.stm32cube.ide.mcu.externaltools.gnu-tools-for-stm32.10.3-2021.10.win32_1.0.0.202111181127/tools/bin/../lib/gcc/arm-none-eabi/10.3.1/thumb/v7e-m+fp/hard/crtbegin.o
 .rodata        0x0000000000000000       0x24 d:/vxt/st-stm32cubeide_1.10.1/stm32cubeide_1.10.1/stm32cubeide/plugins/com.st.stm32cube.ide.mcu.externaltools.gnu-tools-for-stm32.10.3-2021.10.win32_1.0.0.202111181127/tools/bin/../lib/gcc/arm-none-eabi/10.3.1/thumb/v7e-m+fp/hard/crtbegin.o
 .text          0x0000000000000000       0x7c d:/vxt/st-stm32cubeide_1.10.1/stm32cubeide_1.10.1/stm32cubeide/plugins/com.st.stm32cube.ide.mcu.externaltools.gnu-tools-for-stm32.10.3-2021.10.win32_1.0.0.202111181127/tools/bin/../lib/gcc/arm-none-eabi/10.3.1/../../../../arm-none-eabi/lib/thumb/v7e-m+fp/hard/crt0.o
 .data          0x0000000000000000        0x0 d:/vxt/st-stm32cubeide_1.10.1/stm32cubeide_1.10.1/stm32cubeide/plugins/com.st.stm32cube.ide.mcu.externaltools.gnu-tools-for-stm32.10.3-2021.10.win32_1.0.0.202111181127/tools/bin/../lib/gcc/arm-none-eabi/10.3.1/../../../../arm-none-eabi/lib/thumb/v7e-m+fp/hard/crt0.o
[...]
Memory Configuration

Name             Origin             Length             Attributes
CCMRAM           0x0000000010000000 0x0000000000004000 xrw
RAM              0x0000000020000000 0x0000000000010000 xrw
FLASH            0x0000000008000000 0x0000000000080000 xr
*default*        0x0000000000000000 0xffffffffffffffff

Linker script and memory map

LOAD d:/vxt/st-stm32cubeide_1.10.1/stm32cubeide_1.10.1/stm32cubeide/plugins/com.st.stm32cube.ide.mcu.externaltools.gnu-tools-for-stm32.10.3-2021.10.win32_1.0.0.202111181127/tools/bin/../lib/gcc/arm-none-eabi/10.3.1/thumb/v7e-m+fp/hard/crti.o
LOAD d:/vxt/st-stm32cubeide_1.10.1/stm32cubeide_1.10.1/stm32cubeide/plugins/com.st.stm32cube.ide.mcu.externaltools.gnu-tools-for-stm32.10.3-2021.10.win32_1.0.0.202111181127/tools/bin/../lib/gcc/arm-none-eabi/10.3.1/thumb/v7e-m+fp/hard/crtbegin.o
LOAD d:/vxt/st-stm32cubeide_1.10.1/stm32cubeide_1.10.1/stm32cubeide/plugins/com.st.stm32cube.ide.mcu.externaltools.gnu-tools-for-stm32.10.3-2021.10.win32_1.0.0.202111181127/tools/bin/../lib/gcc/arm-none-eabi/10.3.1/../../../../arm-none-eabi/lib/thumb/v7e-m+fp/hard/crt0.o
LOAD ./Core/Src/main.o
LOAD ./Core/Src/stm32f3xx_hal_msp.o
LOAD ./Core/Src/stm32f3xx_it.o
LOAD ./Core/Src/syscalls.o
LOAD ./Core/Src/sysmem.o
LOAD ./Core/Src/system_stm32f3xx.o
LOAD ./Core/Startup/startup_stm32f303vetx.o
LOAD ./Drivers/STM32F3xx_HAL_Driver/Src/stm32f3xx_hal.o
LOAD ./Drivers/STM32F3xx_HAL_Driver/Src/stm32f3xx_hal_cortex.o
LOAD ./Drivers/STM32F3xx_HAL_Driver/Src/stm32f3xx_hal_dma.o
LOAD ./Drivers/STM32F3xx_HAL_Driver/Src/stm32f3xx_hal_exti.o
LOAD ./Drivers/STM32F3xx_HAL_Driver/Src/stm32f3xx_hal_flash.o
LOAD ./Drivers/STM32F3xx_HAL_Driver/Src/stm32f3xx_hal_flash_ex.o
LOAD ./Drivers/STM32F3xx_HAL_Driver/Src/stm32f3xx_hal_gpio.o
LOAD ./Drivers/STM32F3xx_HAL_Driver/Src/stm32f3xx_hal_i2c.o
LOAD ./Drivers/STM32F3xx_HAL_Driver/Src/stm32f3xx_hal_i2c_ex.o
LOAD ./Drivers/STM32F3xx_HAL_Driver/Src/stm32f3xx_hal_pwr.o
LOAD ./Drivers/STM32F3xx_HAL_Driver/Src/stm32f3xx_hal_pwr_ex.o
LOAD ./Drivers/STM32F3xx_HAL_Driver/Src/stm32f3xx_hal_rcc.o
LOAD ./Drivers/STM32F3xx_HAL_Driver/Src/stm32f3xx_hal_rcc_ex.o
LOAD ./Drivers/STM32F3xx_HAL_Driver/Src/stm32f3xx_hal_tim.o
LOAD ./Drivers/STM32F3xx_HAL_Driver/Src/stm32f3xx_hal_tim_ex.o
LOAD ./Drivers/STM32F3xx_HAL_Driver/Src/stm32f3xx_hal_uart.o
LOAD ./Drivers/STM32F3xx_HAL_Driver/Src/stm32f3xx_hal_uart_ex.o
START GROUP
LOAD d:/vxt/st-stm32cubeide_1.10.1/stm32cubeide_1.10.1/stm32cubeide/plugins/com.st.stm32cube.ide.mcu.externaltools.gnu-tools-for-stm32.10.3-2021.10.win32_1.0.0.202111181127/tools/bin/../lib/gcc/arm-none-eabi/10.3.1/../../../../arm-none-eabi/lib/thumb/v7e-m+fp/hard\libc_nano.a
LOAD d:/vxt/st-stm32cubeide_1.10.1/stm32cubeide_1.10.1/stm32cubeide/plugins/com.st.stm32cube.ide.mcu.externaltools.gnu-tools-for-stm32.10.3-2021.10.win32_1.0.0.202111181127/tools/bin/../lib/gcc/arm-none-eabi/10.3.1/../../../../arm-none-eabi/lib/thumb/v7e-m+fp/hard\libm.a
END GROUP
START GROUP
LOAD d:/vxt/st-stm32cubeide_1.10.1/stm32cubeide_1.10.1/stm32cubeide/plugins/com.st.stm32cube.ide.mcu.externaltools.gnu-tools-for-stm32.10.3-2021.10.win32_1.0.0.202111181127/tools/bin/../lib/gcc/arm-none-eabi/10.3.1/thumb/v7e-m+fp/hard\libgcc.a
LOAD d:/vxt/st-stm32cubeide_1.10.1/stm32cubeide_1.10.1/stm32cubeide/plugins/com.st.stm32cube.ide.mcu.externaltools.gnu-tools-for-stm32.10.3-2021.10.win32_1.0.0.202111181127/tools/bin/../lib/gcc/arm-none-eabi/10.3.1/../../../../arm-none-eabi/lib/thumb/v7e-m+fp/hard\libc_nano.a
END GROUP
START GROUP
LOAD d:/vxt/st-stm32cubeide_1.10.1/stm32cubeide_1.10.1/stm32cubeide/plugins/com.st.stm32cube.ide.mcu.externaltools.gnu-tools-for-stm32.10.3-2021.10.win32_1.0.0.202111181127/tools/bin/../lib/gcc/arm-none-eabi/10.3.1/thumb/v7e-m+fp/hard\libgcc.a
LOAD d:/vxt/st-stm32cubeide_1.10.1/stm32cubeide_1.10.1/stm32cubeide/plugins/com.st.stm32cube.ide.mcu.externaltools.gnu-tools-for-stm32.10.3-2021.10.win32_1.0.0.202111181127/tools/bin/../lib/gcc/arm-none-eabi/10.3.1/../../../../arm-none-eabi/lib/thumb/v7e-m+fp/hard\libc_nano.a
LOAD d:/vxt/st-stm32cubeide_1.10.1/stm32cubeide_1.10.1/stm32cubeide/plugins/com.st.stm32cube.ide.mcu.externaltools.gnu-tools-for-stm32.10.3-2021.10.win32_1.0.0.202111181127/tools/bin/../lib/gcc/arm-none-eabi/10.3.1/../../../../arm-none-eabi/lib/thumb/v7e-m+fp/hard\libnosys.a
END GROUP
START GROUP
LOAD d:/vxt/st-stm32cubeide_1.10.1/stm32cubeide_1.10.1/stm32cubeide/plugins/com.st.stm32cube.ide.mcu.externaltools.gnu-tools-for-stm32.10.3-2021.10.win32_1.0.0.202111181127/tools/bin/../lib/gcc/arm-none-eabi/10.3.1/thumb/v7e-m+fp/hard\libgcc.a
LOAD d:/vxt/st-stm32cubeide_1.10.1/stm32cubeide_1.10.1/stm32cubeide/plugins/com.st.stm32cube.ide.mcu.externaltools.gnu-tools-for-stm32.10.3-2021.10.win32_1.0.0.202111181127/tools/bin/../lib/gcc/arm-none-eabi/10.3.1/../../../../arm-none-eabi/lib/thumb/v7e-m+fp/hard\libc_nano.a
LOAD d:/vxt/st-stm32cubeide_1.10.1/stm32cubeide_1.10.1/stm32cubeide/plugins/com.st.stm32cube.ide.mcu.externaltools.gnu-tools-for-stm32.10.3-2021.10.win32_1.0.0.202111181127/tools/bin/../lib/gcc/arm-none-eabi/10.3.1/../../../../arm-none-eabi/lib/thumb/v7e-m+fp/hard\libnosys.a
END GROUP
LOAD d:/vxt/st-stm32cubeide_1.10.1/stm32cubeide_1.10.1/stm32cubeide/plugins/com.st.stm32cube.ide.mcu.externaltools.gnu-tools-for-stm32.10.3-2021.10.win32_1.0.0.202111181127/tools/bin/../lib/gcc/arm-none-eabi/10.3.1/thumb/v7e-m+fp/hard/crtend.o
LOAD d:/vxt/st-stm32cubeide_1.10.1/stm32cubeide_1.10.1/stm32cubeide/plugins/com.st.stm32cube.ide.mcu.externaltools.gnu-tools-for-stm32.10.3-2021.10.win32_1.0.0.202111181127/tools/bin/../lib/gcc/arm-none-eabi/10.3.1/thumb/v7e-m+fp/hard/crtn.o
                0x0000000020010000                _estack = (ORIGIN (RAM) + LENGTH (RAM))
                0x0000000000000200                _Min_Heap_Size = 0x200
                0x0000000000000400                _Min_Stack_Size = 0x400

.isr_vector     0x0000000008000000      0x194
                0x0000000008000000                . = ALIGN (0x4)
 *(.isr_vector)
 .isr_vector    0x0000000008000000      0x194 ./Core/Startup/startup_stm32f303vetx.o
                0x0000000008000000                g_pfnVectors
                0x0000000008000194                . = ALIGN (0x4)

.text           0x0000000008000194     0x3f98
                0x0000000008000194                . = ALIGN (0x4)
 *(.text)
 .text          0x0000000008000194       0x40 d:/vxt/st-stm32cubeide_1.10.1/stm32cubeide_1.10.1/stm32cubeide/plugins/com.st.stm32cube.ide.mcu.externaltools.gnu-tools-for-stm32.10.3-2021.10.win32_1.0.0.202111181127/tools/bin/../lib/gcc/arm-none-eabi/10.3.1/thumb/v7e-m+fp/hard/crtbegin.o
 *(.text*)
 .text.main     0x00000000080001d4       0x2c ./Core/Src/main.o
                0x00000000080001d4                main
 .text.SystemClock_Config
                0x0000000008000200       0xbc ./Core/Src/main.o
                0x0000000008000200                SystemClock_Config
 .text.MX_USART1_UART_Init
                0x00000000080002bc       0x60 ./Core/Src/main.o
 .text.MX_DMA_Init
                0x000000000800031c       0x4c ./Core/Src/main.o
 .text.MX_GPIO_Init
                0x0000000008000368       0x78 ./Core/Src/main.o
 .text.HAL_UART_RxCpltCallback
                0x00000000080003e0       0x40 ./Core/Src/main.o
                0x00000000080003e0                HAL_UART_RxCpltCallback
 .text.Error_Handler
                0x0000000008000420        0xa ./Core/Src/main.o
                0x0000000008000420                Error_Handler
 *fill*         0x000000000800042a        0x2 
 .text.HAL_MspInit
                0x000000000800042c       0x48 ./Core/Src/stm32f3xx_hal_msp.o
                0x000000000800042c                HAL_MspInit
 .text.HAL_UART_MspInit
                0x0000000008000474      0x17c ./Core/Src/stm32f3xx_hal_msp.o
                0x0000000008000474                HAL_UART_MspInit
 .text.NMI_Handler
                0x00000000080005f0        0x6 ./Core/Src/stm32f3xx_it.o
                0x00000000080005f0                NMI_Handler
 .text.HardFault_Handler
                0x00000000080005f6        0x6 ./Core/Src/stm32f3xx_it.o
                0x00000000080005f6                HardFault_Handler
 .text.MemManage_Handler
                0x00000000080005fc        0x6 ./Core/Src/stm32f3xx_it.o
                0x00000000080005fc                MemManage_Handler
 .text.BusFault_Handler
                0x0000000008000602        0x6 ./Core/Src/stm32f3xx_it.o
                0x0000000008000602                BusFault_Handler
 .text.UsageFault_Handler
                0x0000000008000608        0x6 ./Core/Src/stm32f3xx_it.o
                0x0000000008000608                UsageFault_Handler
 .text.SVC_Handler
                0x000000000800060e        0xe ./Core/Src/stm32f3xx_it.o
                0x000000000800060e                SVC_Handler
 .text.DebugMon_Handler
                0x000000000800061c        0xe ./Core/Src/stm32f3xx_it.o
                0x000000000800061c                DebugMon_Handler
 .text.PendSV_Handler
                0x000000000800062a        0xe ./Core/Src/stm32f3xx_it.o
                0x000000000800062a                PendSV_Handler
 .text.SysTick_Handler
                0x0000000008000638        0xc ./Core/Src/stm32f3xx_it.o
                0x0000000008000638                SysTick_Handler
 .text.DMA1_Channel4_IRQHandler
                0x0000000008000644       0x14 ./Core/Src/stm32f3xx_it.o
                0x0000000008000644                DMA1_Channel4_IRQHandler
 .text.DMA1_Channel5_IRQHandler
                0x0000000008000658       0x14 ./Core/Src/stm32f3xx_it.o
                0x0000000008000658                DMA1_Channel5_IRQHandler
 .text.USART1_IRQHandler
                0x000000000800066c       0x14 ./Core/Src/stm32f3xx_it.o
                0x000000000800066c                USART1_IRQHandler
 .text.SystemInit
                0x0000000008000680       0x24 ./Core/Src/system_stm32f3xx.o
                0x0000000008000680                SystemInit
 .text.Reset_Handler
                0x00000000080006a4       0x50 ./Core/Startup/startup_stm32f303vetx.o
                0x00000000080006a4                Reset_Handler
 .text.Default_Handler
                0x00000000080006f4        0x2 ./Core/Startup/startup_stm32f303vetx.o
                0x00000000080006f4                RTC_Alarm_IRQHandler
                0x00000000080006f4                TIM8_TRG_COM_IRQHandler
                0x00000000080006f4                TIM8_CC_IRQHandler
                0x00000000080006f4                SPI4_IRQHandler
                0x00000000080006f4                TIM1_CC_IRQHandler
                0x00000000080006f4                USB_HP_IRQHandler
                0x00000000080006f4                PVD_IRQHandler
                0x00000000080006f4                TAMP_STAMP_IRQHandler
                0x00000000080006f4                EXTI3_IRQHandler
                0x00000000080006f4                I2C3_ER_IRQHandler
                0x00000000080006f4                USB_HP_CAN_TX_IRQHandler
                0x00000000080006f4                EXTI0_IRQHandler
                0x00000000080006f4                I2C2_EV_IRQHandler
                0x00000000080006f4                FPU_IRQHandler
                0x00000000080006f4                TIM1_UP_TIM16_IRQHandler
                0x00000000080006f4                ADC1_2_IRQHandler
                0x00000000080006f4                SPI1_IRQHandler
                0x00000000080006f4                CAN_SCE_IRQHandler
                0x00000000080006f4                TIM6_DAC_IRQHandler
                0x00000000080006f4                TIM8_UP_IRQHandler
                0x00000000080006f4                DMA2_Channel2_IRQHandler
                0x00000000080006f4                TIM20_TRG_COM_IRQHandler
                0x00000000080006f4                USART3_IRQHandler
                0x00000000080006f4                DMA1_Channel7_IRQHandler
                0x00000000080006f4                UART5_IRQHandler
                0x00000000080006f4                ADC3_IRQHandler
                0x00000000080006f4                TIM4_IRQHandler
                0x00000000080006f4                CAN_RX1_IRQHandler
                0x00000000080006f4                DMA2_Channel1_IRQHandler
                0x00000000080006f4                I2C1_EV_IRQHandler
                0x00000000080006f4                DMA1_Channel6_IRQHandler
                0x00000000080006f4                UART4_IRQHandler
                0x00000000080006f4                DMA2_Channel4_IRQHandler
                0x00000000080006f4                TIM3_IRQHandler
                0x00000000080006f4                RCC_IRQHandler
                0x00000000080006f4                TIM20_UP_IRQHandler
                0x00000000080006f4                DMA1_Channel1_IRQHandler
                0x00000000080006f4                Default_Handler
                0x00000000080006f4                USBWakeUp_RMP_IRQHandler
                0x00000000080006f4                EXTI15_10_IRQHandler
                0x00000000080006f4                TIM7_IRQHandler
                0x00000000080006f4                I2C3_EV_IRQHandler
                0x00000000080006f4                EXTI9_5_IRQHandler
                0x00000000080006f4                RTC_WKUP_IRQHandler
                0x00000000080006f4                SPI2_IRQHandler
                0x00000000080006f4                USB_LP_CAN_RX0_IRQHandler
                0x00000000080006f4                DMA2_Channel5_IRQHandler
                0x00000000080006f4                USB_LP_IRQHandler
                0x00000000080006f4                EXTI4_IRQHandler
                0x00000000080006f4                TIM1_TRG_COM_TIM17_IRQHandler
                0x00000000080006f4                DMA1_Channel3_IRQHandler
                0x00000000080006f4                ADC4_IRQHandler
                0x00000000080006f4                WWDG_IRQHandler
                0x00000000080006f4                TIM2_IRQHandler
                0x00000000080006f4                COMP7_IRQHandler
                0x00000000080006f4                COMP1_2_3_IRQHandler
                0x00000000080006f4                EXTI1_IRQHandler
                0x00000000080006f4                USART2_IRQHandler
                0x00000000080006f4                COMP4_5_6_IRQHandler
                0x00000000080006f4                TIM20_BRK_IRQHandler
                0x00000000080006f4                I2C2_ER_IRQHandler
                0x00000000080006f4                DMA1_Channel2_IRQHandler
                0x00000000080006f4                TIM8_BRK_IRQHandler
                0x00000000080006f4                FLASH_IRQHandler
                0x00000000080006f4                TIM20_CC_IRQHandler
                0x00000000080006f4                SPI3_IRQHandler
                0x00000000080006f4                I2C1_ER_IRQHandler
                0x00000000080006f4                FMC_IRQHandler
                0x00000000080006f4                USBWakeUp_IRQHandler
                0x00000000080006f4                DMA2_Channel3_IRQHandler
                0x00000000080006f4                EXTI2_TSC_IRQHandler
                0x00000000080006f4                TIM1_BRK_TIM15_IRQHandler
 *fill*         0x00000000080006f6        0x2 
 .text.HAL_Init
                0x00000000080006f8       0x2c ./Drivers/STM32F3xx_HAL_Driver/Src/stm32f3xx_hal.o
                0x00000000080006f8                HAL_Init
 .text.HAL_InitTick
                0x0000000008000724       0x60 ./Drivers/STM32F3xx_HAL_Driver/Src/stm32f3xx_hal.o
                0x0000000008000724                HAL_InitTick
 .text.HAL_IncTick
                0x0000000008000784       0x28 ./Drivers/STM32F3xx_HAL_Driver/Src/stm32f3xx_hal.o
                0x0000000008000784                HAL_IncTick
 .text.HAL_GetTick
                0x00000000080007ac       0x18 ./Drivers/STM32F3xx_HAL_Driver/Src/stm32f3xx_hal.o
                0x00000000080007ac                HAL_GetTick
 .text.__NVIC_SetPriorityGrouping
                0x00000000080007c4       0x48 ./Drivers/STM32F3xx_HAL_Driver/Src/stm32f3xx_hal_cortex.o
 .text.__NVIC_GetPriorityGrouping
                0x000000000800080c       0x1c ./Drivers/STM32F3xx_HAL_Driver/Src/stm32f3xx_hal_cortex.o
 .text.__NVIC_EnableIRQ
                0x0000000008000828       0x3c ./Drivers/STM32F3xx_HAL_Driver/Src/stm32f3xx_hal_cortex.o
 .text.__NVIC_SetPriority
                0x0000000008000864       0x54 ./Drivers/STM32F3xx_HAL_Driver/Src/stm32f3xx_hal_cortex.o
 .text.NVIC_EncodePriority
                0x00000000080008b8       0x66 ./Drivers/STM32F3xx_HAL_Driver/Src/stm32f3xx_hal_cortex.o
 *fill*         0x000000000800091e        0x2 
 .text.SysTick_Config
                0x0000000008000920       0x44 ./Drivers/STM32F3xx_HAL_Driver/Src/stm32f3xx_hal_cortex.o
 .text.HAL_NVIC_SetPriorityGrouping
                0x0000000008000964       0x16 ./Drivers/STM32F3xx_HAL_Driver/Src/stm32f3xx_hal_cortex.o
                0x0000000008000964                HAL_NVIC_SetPriorityGrouping
 .text.HAL_NVIC_SetPriority
                0x000000000800097a       0x38 ./Drivers/STM32F3xx_HAL_Driver/Src/stm32f3xx_hal_cortex.o
                0x000000000800097a                HAL_NVIC_SetPriority
 .text.HAL_NVIC_EnableIRQ
                0x00000000080009b2       0x1c ./Drivers/STM32F3xx_HAL_Driver/Src/stm32f3xx_hal_cortex.o
                0x00000000080009b2                HAL_NVIC_EnableIRQ
 .text.HAL_SYSTICK_Config
                0x00000000080009ce       0x18 ./Drivers/STM32F3xx_HAL_Driver/Src/stm32f3xx_hal_cortex.o
                0x00000000080009ce                HAL_SYSTICK_Config
 .text.HAL_DMA_Init
                0x00000000080009e6       0x8e ./Drivers/STM32F3xx_HAL_Driver/Src/stm32f3xx_hal_dma.o
                0x00000000080009e6                HAL_DMA_Init
 .text.HAL_DMA_Start_IT
                0x0000000008000a74       0xbe ./Drivers/STM32F3xx_HAL_Driver/Src/stm32f3xx_hal_dma.o
                0x0000000008000a74                HAL_DMA_Start_IT
 .text.HAL_DMA_Abort
                0x0000000008000b32       0x72 ./Drivers/STM32F3xx_HAL_Driver/Src/stm32f3xx_hal_dma.o
                0x0000000008000b32                HAL_DMA_Abort
 .text.HAL_DMA_Abort_IT
                0x0000000008000ba4       0x7c ./Drivers/STM32F3xx_HAL_Driver/Src/stm32f3xx_hal_dma.o
                0x0000000008000ba4                HAL_DMA_Abort_IT
 .text.HAL_DMA_IRQHandler
                0x0000000008000c20      0x146 ./Drivers/STM32F3xx_HAL_Driver/Src/stm32f3xx_hal_dma.o
                0x0000000008000c20                HAL_DMA_IRQHandler
 .text.DMA_SetConfig
                0x0000000008000d66       0x5c ./Drivers/STM32F3xx_HAL_Driver/Src/stm32f3xx_hal_dma.o
 *fill*         0x0000000008000dc2        0x2 
 .text.DMA_CalcBaseAndBitshift
                0x0000000008000dc4       0x78 ./Drivers/STM32F3xx_HAL_Driver/Src/stm32f3xx_hal_dma.o
 .text.HAL_GPIO_Init
                0x0000000008000e3c      0x314 ./Drivers/STM32F3xx_HAL_Driver/Src/stm32f3xx_hal_gpio.o
                0x0000000008000e3c                HAL_GPIO_Init
 .text.HAL_RCC_OscConfig
                0x0000000008001150     0x10a8 ./Drivers/STM32F3xx_HAL_Driver/Src/stm32f3xx_hal_rcc.o
                0x0000000008001150                HAL_RCC_OscConfig
 .text.HAL_RCC_ClockConfig
                0x00000000080021f8      0x2f8 ./Drivers/STM32F3xx_HAL_Driver/Src/stm32f3xx_hal_rcc.o
                0x00000000080021f8                HAL_RCC_ClockConfig
 .text.HAL_RCC_GetSysClockFreq
                0x00000000080024f0       0xd4 ./Drivers/STM32F3xx_HAL_Driver/Src/stm32f3xx_hal_rcc.o
                0x00000000080024f0                HAL_RCC_GetSysClockFreq
 .text.HAL_RCC_GetHCLKFreq
                0x00000000080025c4       0x18 ./Drivers/STM32F3xx_HAL_Driver/Src/stm32f3xx_hal_rcc.o
                0x00000000080025c4                HAL_RCC_GetHCLKFreq
 .text.HAL_RCC_GetPCLK1Freq
                0x00000000080025dc       0x44 ./Drivers/STM32F3xx_HAL_Driver/Src/stm32f3xx_hal_rcc.o
                0x00000000080025dc                HAL_RCC_GetPCLK1Freq
 .text.HAL_RCC_GetPCLK2Freq
                0x0000000008002620       0x44 ./Drivers/STM32F3xx_HAL_Driver/Src/stm32f3xx_hal_rcc.o
                0x0000000008002620                HAL_RCC_GetPCLK2Freq
 .text.HAL_RCCEx_PeriphCLKConfig
                0x0000000008002664      0x43c ./Drivers/STM32F3xx_HAL_Driver/Src/stm32f3xx_hal_rcc_ex.o
                0x0000000008002664                HAL_RCCEx_PeriphCLKConfig
 .text.HAL_UART_Init
                0x0000000008002aa0       0x9c ./Drivers/STM32F3xx_HAL_Driver/Src/stm32f3xx_hal_uart.o
                0x0000000008002aa0                HAL_UART_Init
 .text.HAL_UART_Transmit
                0x0000000008002b3c      0x128 ./Drivers/STM32F3xx_HAL_Driver/Src/stm32f3xx_hal_uart.o
                0x0000000008002b3c                HAL_UART_Transmit
 .text.HAL_UART_Transmit_DMA
                0x0000000008002c64      0x120 ./Drivers/STM32F3xx_HAL_Driver/Src/stm32f3xx_hal_uart.o
                0x0000000008002c64                HAL_UART_Transmit_DMA
 .text.HAL_UART_Receive_DMA
                0x0000000008002d84       0x9c ./Drivers/STM32F3xx_HAL_Driver/Src/stm32f3xx_hal_uart.o
                0x0000000008002d84                HAL_UART_Receive_DMA
 .text.HAL_UART_IRQHandler
                0x0000000008002e20      0x5bc ./Drivers/STM32F3xx_HAL_Driver/Src/stm32f3xx_hal_uart.o
                0x0000000008002e20                HAL_UART_IRQHandler
 .text.HAL_UART_TxCpltCallback
                0x00000000080033dc       0x14 ./Drivers/STM32F3xx_HAL_Driver/Src/stm32f3xx_hal_uart.o
                0x00000000080033dc                HAL_UART_TxCpltCallback
 .text.HAL_UART_TxHalfCpltCallback
                0x00000000080033f0       0x14 ./Drivers/STM32F3xx_HAL_Driver/Src/stm32f3xx_hal_uart.o
                0x00000000080033f0                HAL_UART_TxHalfCpltCallback
 .text.HAL_UART_RxHalfCpltCallback
                0x0000000008003404       0x14 ./Drivers/STM32F3xx_HAL_Driver/Src/stm32f3xx_hal_uart.o
                0x0000000008003404                HAL_UART_RxHalfCpltCallback
 .text.HAL_UART_ErrorCallback
                0x0000000008003418       0x14 ./Drivers/STM32F3xx_HAL_Driver/Src/stm32f3xx_hal_uart.o
                0x0000000008003418                HAL_UART_ErrorCallback
 .text.HAL_UARTEx_RxEventCallback
                0x000000000800342c       0x18 ./Drivers/STM32F3xx_HAL_Driver/Src/stm32f3xx_hal_uart.o
                0x000000000800342c                HAL_UARTEx_RxEventCallback
 .text.UART_SetConfig
                0x0000000008003444      0x3ac ./Drivers/STM32F3xx_HAL_Driver/Src/stm32f3xx_hal_uart.o
                0x0000000008003444                UART_SetConfig
 .text.UART_AdvFeatureConfig
                0x00000000080037f0      0x144 ./Drivers/STM32F3xx_HAL_Driver/Src/stm32f3xx_hal_uart.o
                0x00000000080037f0                UART_AdvFeatureConfig
 .text.UART_CheckIdleState
                0x0000000008003934       0x92 ./Drivers/STM32F3xx_HAL_Driver/Src/stm32f3xx_hal_uart.o
                0x0000000008003934                UART_CheckIdleState
 .text.UART_WaitOnFlagUntilTimeout
                0x00000000080039c6      0x188 ./Drivers/STM32F3xx_HAL_Driver/Src/stm32f3xx_hal_uart.o
                0x00000000080039c6                UART_WaitOnFlagUntilTimeout
 *fill*         0x0000000008003b4e        0x2 
 .text.UART_Start_Receive_DMA
                0x0000000008003b50      0x144 ./Drivers/STM32F3xx_HAL_Driver/Src/stm32f3xx_hal_uart.o
                0x0000000008003b50                UART_Start_Receive_DMA
 .text.UART_EndTxTransfer
                0x0000000008003c94       0x4c ./Drivers/STM32F3xx_HAL_Driver/Src/stm32f3xx_hal_uart.o
 .text.UART_EndRxTransfer
                0x0000000008003ce0       0xc6 ./Drivers/STM32F3xx_HAL_Driver/Src/stm32f3xx_hal_uart.o
 .text.UART_DMATransmitCplt
                0x0000000008003da6       0x94 ./Drivers/STM32F3xx_HAL_Driver/Src/stm32f3xx_hal_uart.o
 .text.UART_DMATxHalfCplt
                0x0000000008003e3a       0x1c ./Drivers/STM32F3xx_HAL_Driver/Src/stm32f3xx_hal_uart.o
 .text.UART_DMAReceiveCplt
                0x0000000008003e56      0x11e ./Drivers/STM32F3xx_HAL_Driver/Src/stm32f3xx_hal_uart.o
 .text.UART_DMARxHalfCplt
                0x0000000008003f74       0x38 ./Drivers/STM32F3xx_HAL_Driver/Src/stm32f3xx_hal_uart.o
 .text.UART_DMAError
                0x0000000008003fac       0x7c ./Drivers/STM32F3xx_HAL_Driver/Src/stm32f3xx_hal_uart.o
 .text.UART_DMAAbortOnError
                0x0000000008004028       0x2c ./Drivers/STM32F3xx_HAL_Driver/Src/stm32f3xx_hal_uart.o
 .text.UART_EndTransmit_IT
                0x0000000008004054       0x54 ./Drivers/STM32F3xx_HAL_Driver/Src/stm32f3xx_hal_uart.o
 .text.HAL_UARTEx_WakeupCallback
                0x00000000080040a8       0x14 ./Drivers/STM32F3xx_HAL_Driver/Src/stm32f3xx_hal_uart_ex.o
                0x00000000080040a8                HAL_UARTEx_WakeupCallback
 .text.__libc_init_array
                0x00000000080040bc       0x48 d:/vxt/st-stm32cubeide_1.10.1/stm32cubeide_1.10.1/stm32cubeide/plugins/com.st.stm32cube.ide.mcu.externaltools.gnu-tools-for-stm32.10.3-2021.10.win32_1.0.0.202111181127/tools/bin/../lib/gcc/arm-none-eabi/10.3.1/../../../../arm-none-eabi/lib/thumb/v7e-m+fp/hard\libc_nano.a(lib_a-init.o)
                0x00000000080040bc                __libc_init_array
 .text.memset   0x0000000008004104       0x10 d:/vxt/st-stm32cubeide_1.10.1/stm32cubeide_1.10.1/stm32cubeide/plugins/com.st.stm32cube.ide.mcu.externaltools.gnu-tools-for-stm32.10.3-2021.10.win32_1.0.0.202111181127/tools/bin/../lib/gcc/arm-none-eabi/10.3.1/../../../../arm-none-eabi/lib/thumb/v7e-m+fp/hard\libc_nano.a(lib_a-memset.o)
                0x0000000008004104                memset
 *(.glue_7)
 .glue_7        0x0000000008004114        0x0 linker stubs
 *(.glue_7t)
 .glue_7t       0x0000000008004114        0x0 linker stubs
 *(.eh_frame)
 .eh_frame      0x0000000008004114        0x0 d:/vxt/st-stm32cubeide_1.10.1/stm32cubeide_1.10.1/stm32cubeide/plugins/com.st.stm32cube.ide.mcu.externaltools.gnu-tools-for-stm32.10.3-2021.10.win32_1.0.0.202111181127/tools/bin/../lib/gcc/arm-none-eabi/10.3.1/thumb/v7e-m+fp/hard/crtbegin.o
 *(.init)
 .init          0x0000000008004114        0x4 d:/vxt/st-stm32cubeide_1.10.1/stm32cubeide_1.10.1/stm32cubeide/plugins/com.st.stm32cube.ide.mcu.externaltools.gnu-tools-for-stm32.10.3-2021.10.win32_1.0.0.202111181127/tools/bin/../lib/gcc/arm-none-eabi/10.3.1/thumb/v7e-m+fp/hard/crti.o
                0x0000000008004114                _init
 .init          0x0000000008004118        0x8 d:/vxt/st-stm32cubeide_1.10.1/stm32cubeide_1.10.1/stm32cubeide/plugins/com.st.stm32cube.ide.mcu.externaltools.gnu-tools-for-stm32.10.3-2021.10.win32_1.0.0.202111181127/tools/bin/../lib/gcc/arm-none-eabi/10.3.1/thumb/v7e-m+fp/hard/crtn.o
 *(.fini)
 .fini          0x0000000008004120        0x4 d:/vxt/st-stm32cubeide_1.10.1/stm32cubeide_1.10.1/stm32cubeide/plugins/com.st.stm32cube.ide.mcu.externaltools.gnu-tools-for-stm32.10.3-2021.10.win32_1.0.0.202111181127/tools/bin/../lib/gcc/arm-none-eabi/10.3.1/thumb/v7e-m+fp/hard/crti.o
                0x0000000008004120                _fini
 .fini          0x0000000008004124        0x8 d:/vxt/st-stm32cubeide_1.10.1/stm32cubeide_1.10.1/stm32cubeide/plugins/com.st.stm32cube.ide.mcu.externaltools.gnu-tools-for-stm32.10.3-2021.10.win32_1.0.0.202111181127/tools/bin/../lib/gcc/arm-none-eabi/10.3.1/thumb/v7e-m+fp/hard/crtn.o
                0x000000000800412c                . = ALIGN (0x4)
                0x000000000800412c                _etext = .

.vfp11_veneer   0x000000000800412c        0x0
 .vfp11_veneer  0x000000000800412c        0x0 linker stubs

.v4_bx          0x000000000800412c        0x0
 .v4_bx         0x000000000800412c        0x0 linker stubs

.iplt           0x000000000800412c        0x0
 .iplt          0x000000000800412c        0x0 d:/vxt/st-stm32cubeide_1.10.1/stm32cubeide_1.10.1/stm32cubeide/plugins/com.st.stm32cube.ide.mcu.externaltools.gnu-tools-for-stm32.10.3-2021.10.win32_1.0.0.202111181127/tools/bin/../lib/gcc/arm-none-eabi/10.3.1/thumb/v7e-m+fp/hard/crtbegin.o

.rodata         0x000000000800412c       0x40
                0x000000000800412c                . = ALIGN (0x4)
 *(.rodata)
 .rodata        0x000000000800412c        0x6 ./Core/Src/main.o
 *(.rodata*)
 *fill*         0x0000000008004132        0x2 
 .rodata.AHBPrescTable
                0x0000000008004134       0x10 ./Core/Src/system_stm32f3xx.o
                0x0000000008004134                AHBPrescTable
 .rodata.APBPrescTable
                0x0000000008004144        0x8 ./Core/Src/system_stm32f3xx.o
                0x0000000008004144                APBPrescTable
 .rodata.aPLLMULFactorTable
                0x000000000800414c       0x10 ./Drivers/STM32F3xx_HAL_Driver/Src/stm32f3xx_hal_rcc.o
                0x000000000800414c                aPLLMULFactorTable
 .rodata.aPredivFactorTable
                0x000000000800415c       0x10 ./Drivers/STM32F3xx_HAL_Driver/Src/stm32f3xx_hal_rcc.o
                0x000000000800415c                aPredivFactorTable
                0x000000000800416c                . = ALIGN (0x4)

.rel.dyn        0x000000000800416c        0x0
 .rel.iplt      0x000000000800416c        0x0 d:/vxt/st-stm32cubeide_1.10.1/stm32cubeide_1.10.1/stm32cubeide/plugins/com.st.stm32cube.ide.mcu.externaltools.gnu-tools-for-stm32.10.3-2021.10.win32_1.0.0.202111181127/tools/bin/../lib/gcc/arm-none-eabi/10.3.1/thumb/v7e-m+fp/hard/crtbegin.o

.ARM.extab      0x000000000800416c        0x0
                0x000000000800416c                . = ALIGN (0x4)
 *(.ARM.extab* .gnu.linkonce.armextab.*)
                0x000000000800416c                . = ALIGN (0x4)

.ARM            0x000000000800416c        0x0
                0x000000000800416c                . = ALIGN (0x4)
                0x000000000800416c                __exidx_start = .
 *(.ARM.exidx*)
                0x000000000800416c                __exidx_end = .
                0x000000000800416c                . = ALIGN (0x4)

.preinit_array  0x000000000800416c        0x0
                0x000000000800416c                . = ALIGN (0x4)
                0x000000000800416c                PROVIDE (__preinit_array_start = .)
 *(.preinit_array*)
                0x000000000800416c                PROVIDE (__preinit_array_end = .)
                0x000000000800416c                . = ALIGN (0x4)

.init_array     0x000000000800416c        0x4
                0x000000000800416c                . = ALIGN (0x4)
                0x000000000800416c                PROVIDE (__init_array_start = .)
 *(SORT_BY_NAME(.init_array.*))
 *(.init_array*)
 .init_array    0x000000000800416c        0x4 d:/vxt/st-stm32cubeide_1.10.1/stm32cubeide_1.10.1/stm32cubeide/plugins/com.st.stm32cube.ide.mcu.externaltools.gnu-tools-for-stm32.10.3-2021.10.win32_1.0.0.202111181127/tools/bin/../lib/gcc/arm-none-eabi/10.3.1/thumb/v7e-m+fp/hard/crtbegin.o
                0x0000000008004170                PROVIDE (__init_array_end = .)
                0x0000000008004170                . = ALIGN (0x4)

.fini_array     0x0000000008004170        0x4
                0x0000000008004170                . = ALIGN (0x4)
                [!provide]                        PROVIDE (__fini_array_start = .)
 *(SORT_BY_NAME(.fini_array.*))
 *(.fini_array*)
 .fini_array    0x0000000008004170        0x4 d:/vxt/st-stm32cubeide_1.10.1/stm32cubeide_1.10.1/stm32cubeide/plugins/com.st.stm32cube.ide.mcu.externaltools.gnu-tools-for-stm32.10.3-2021.10.win32_1.0.0.202111181127/tools/bin/../lib/gcc/arm-none-eabi/10.3.1/thumb/v7e-m+fp/hard/crtbegin.o
                [!provide]                        PROVIDE (__fini_array_end = .)
                0x0000000008004174                . = ALIGN (0x4)
                0x0000000008004174                _sidata = LOADADDR (.data)

.data           0x0000000020000000        0xc load address 0x0000000008004174
                0x0000000020000000                . = ALIGN (0x4)
                0x0000000020000000                _sdata = .
 *(.data)
 *(.data*)
 .data.SystemCoreClock
                0x0000000020000000        0x4 ./Core/Src/system_stm32f3xx.o
                0x0000000020000000                SystemCoreClock
 .data.uwTickPrio
                0x0000000020000004        0x4 ./Drivers/STM32F3xx_HAL_Driver/Src/stm32f3xx_hal.o
                0x0000000020000004                uwTickPrio
 .data.uwTickFreq
                0x0000000020000008        0x1 ./Drivers/STM32F3xx_HAL_Driver/Src/stm32f3xx_hal.o
                0x0000000020000008                uwTickFreq
 *(.RamFunc)
 *(.RamFunc*)
                0x000000002000000c                . = ALIGN (0x4)
 *fill*         0x0000000020000009        0x3 
                0x000000002000000c                _edata = .
                0x0000000008004180                _siccmram = LOADADDR (.ccmram)

.igot.plt       0x000000002000000c        0x0 load address 0x0000000008004180
 .igot.plt      0x000000002000000c        0x0 d:/vxt/st-stm32cubeide_1.10.1/stm32cubeide_1.10.1/stm32cubeide/plugins/com.st.stm32cube.ide.mcu.externaltools.gnu-tools-for-stm32.10.3-2021.10.win32_1.0.0.202111181127/tools/bin/../lib/gcc/arm-none-eabi/10.3.1/thumb/v7e-m+fp/hard/crtbegin.o

.ccmram         0x0000000010000000        0x0 load address 0x0000000008004180
                0x0000000010000000                . = ALIGN (0x4)
                0x0000000010000000                _sccmram = .
 *(.ccmram)
 *(.ccmram*)
                0x0000000010000000                . = ALIGN (0x4)
                0x0000000010000000                _eccmram = .
                0x0000000010000000                . = ALIGN (0x4)

.bss            0x000000002000000c      0x22c
                0x000000002000000c                _sbss = .
                0x000000002000000c                __bss_start__ = _sbss
 *(.bss)
 .bss           0x000000002000000c       0x1c d:/vxt/st-stm32cubeide_1.10.1/stm32cubeide_1.10.1/stm32cubeide/plugins/com.st.stm32cube.ide.mcu.externaltools.gnu-tools-for-stm32.10.3-2021.10.win32_1.0.0.202111181127/tools/bin/../lib/gcc/arm-none-eabi/10.3.1/thumb/v7e-m+fp/hard/crtbegin.o
 *(.bss*)
 .bss.huart1    0x0000000020000028       0x84 ./Core/Src/main.o
                0x0000000020000028                huart1
 .bss.hdma_usart1_rx
                0x00000000200000ac       0x44 ./Core/Src/main.o
                0x00000000200000ac                hdma_usart1_rx
 .bss.hdma_usart1_tx
                0x00000000200000f0       0x44 ./Core/Src/main.o
                0x00000000200000f0                hdma_usart1_tx
 .bss.RxData    0x0000000020000134       0xff ./Core/Src/main.o
                0x0000000020000134                RxData
 *fill*         0x0000000020000233        0x1 
 .bss.uwTick    0x0000000020000234        0x4 ./Drivers/STM32F3xx_HAL_Driver/Src/stm32f3xx_hal.o
                0x0000000020000234                uwTick
 *(COMMON)
                0x0000000020000238                . = ALIGN (0x4)
                0x0000000020000238                _ebss = .
                0x0000000020000238                __bss_end__ = _ebss

._user_heap_stack
                0x0000000020000238      0x600
                0x0000000020000238                . = ALIGN (0x8)
                [!provide]                        PROVIDE (end = .)
                0x0000000020000238                PROVIDE (_end = .)
                0x0000000020000438                . = (. + _Min_Heap_Size)
 *fill*         0x0000000020000238      0x200 
                0x0000000020000838                . = (. + _Min_Stack_Size)
 *fill*         0x0000000020000438      0x400 
                0x0000000020000838                . = ALIGN (0x8)

/DISCARD/
 libc.a(*)
 libm.a(*)
 libgcc.a(*)

.ARM.attributes
                0x0000000000000000       0x30
 *(.ARM.attributes)
 .ARM.attributes
                0x0000000000000000       0x1e d:/vxt/st-stm32cubeide_1.10.1/stm32cubeide_1.10.1/stm32cubeide/plugins/com.st.stm32cube.ide.mcu.externaltools.gnu-tools-for-stm32.10.3-2021.10.win32_1.0.0.202111181127/tools/bin/../lib/gcc/arm-none-eabi/10.3.1/thumb/v7e-m+fp/hard/crti.o
 .ARM.attributes
                0x000000000000001e       0x34 d:/vxt/st-stm32cubeide_1.10.1/stm32cubeide_1.10.1/stm32cubeide/plugins/com.st.stm32cube.ide.mcu.externaltools.gnu-tools-for-stm32.10.3-2021.10.win32_1.0.0.202111181127/tools/bin/../lib/gcc/arm-none-eabi/10.3.1/thumb/v7e-m+fp/hard/crtbegin.o
 .ARM.attributes
                0x0000000000000052       0x34 ./Core/Src/main.o
 .ARM.attributes
                0x0000000000000086       0x34 ./Core/Src/stm32f3xx_hal_msp.o
 .ARM.attributes
                0x00000000000000ba       0x34 ./Core/Src/stm32f3xx_it.o
 .ARM.attributes
                0x00000000000000ee       0x34 ./Core/Src/system_stm32f3xx.o
 .ARM.attributes
                0x0000000000000122       0x21 ./Core/Startup/startup_stm32f303vetx.o
 .ARM.attributes
                0x0000000000000143       0x34 ./Drivers/STM32F3xx_HAL_Driver/Src/stm32f3xx_hal.o
 .ARM.attributes
                0x0000000000000177       0x34 ./Drivers/STM32F3xx_HAL_Driver/Src/stm32f3xx_hal_cortex.o
 .ARM.attributes
                0x00000000000001ab       0x34 ./Drivers/STM32F3xx_HAL_Driver/Src/stm32f3xx_hal_dma.o
 .ARM.attributes
                0x00000000000001df       0x34 ./Drivers/STM32F3xx_HAL_Driver/Src/stm32f3xx_hal_gpio.o
 .ARM.attributes
                0x0000000000000213       0x34 ./Drivers/STM32F3xx_HAL_Driver/Src/stm32f3xx_hal_rcc.o
 .ARM.attributes
                0x0000000000000247       0x34 ./Drivers/STM32F3xx_HAL_Driver/Src/stm32f3xx_hal_rcc_ex.o
 .ARM.attributes
                0x000000000000027b       0x34 ./Drivers/STM32F3xx_HAL_Driver/Src/stm32f3xx_hal_uart.o
 .ARM.attributes
                0x00000000000002af       0x34 ./Drivers/STM32F3xx_HAL_Driver/Src/stm32f3xx_hal_uart_ex.o
 .ARM.attributes
                0x00000000000002e3       0x34 d:/vxt/st-stm32cubeide_1.10.1/stm32cubeide_1.10.1/stm32cubeide/plugins/com.st.stm32cube.ide.mcu.externaltools.gnu-tools-for-stm32.10.3-2021.10.win32_1.0.0.202111181127/tools/bin/../lib/gcc/arm-none-eabi/10.3.1/../../../../arm-none-eabi/lib/thumb/v7e-m+fp/hard\libc_nano.a(lib_a-init.o)
 .ARM.attributes
                0x0000000000000317       0x34 d:/vxt/st-stm32cubeide_1.10.1/stm32cubeide_1.10.1/stm32cubeide/plugins/com.st.stm32cube.ide.mcu.externaltools.gnu-tools-for-stm32.10.3-2021.10.win32_1.0.0.202111181127/tools/bin/../lib/gcc/arm-none-eabi/10.3.1/../../../../arm-none-eabi/lib/thumb/v7e-m+fp/hard\libc_nano.a(lib_a-memset.o)
 .ARM.attributes
                0x000000000000034b       0x1e d:/vxt/st-stm32cubeide_1.10.1/stm32cubeide_1.10.1/stm32cubeide/plugins/com.st.stm32cube.ide.mcu.externaltools.gnu-tools-for-stm32.10.3-2021.10.win32_1.0.0.202111181127/tools/bin/../lib/gcc/arm-none-eabi/10.3.1/thumb/v7e-m+fp/hard/crtn.o
OUTPUT(83usartdmarx.elf elf32-littlearm)
LOAD linker stubs
LOAD d:/vxt/st-stm32cubeide_1.10.1/stm32cubeide_1.10.1/stm32cubeide/plugins/com.st.stm32cube.ide.mcu.externaltools.gnu-tools-for-stm32.10.3-2021.10.win32_1.0.0.202111181127/tools/bin/../lib/gcc/arm-none-eabi/10.3.1/../../../../arm-none-eabi/lib/thumb/v7e-m+fp/hard\libc.a
LOAD d:/vxt/st-stm32cubeide_1.10.1/stm32cubeide_1.10.1/stm32cubeide/plugins/com.st.stm32cube.ide.mcu.externaltools.gnu-tools-for-stm32.10.3-2021.10.win32_1.0.0.202111181127/tools/bin/../lib/gcc/arm-none-eabi/10.3.1/../../../../arm-none-eabi/lib/thumb/v7e-m+fp/hard\libm.a
LOAD d:/vxt/st-stm32cubeide_1.10.1/stm32cubeide_1.10.1/stm32cubeide/plugins/com.st.stm32cube.ide.mcu.externaltools.gnu-tools-for-stm32.10.3-2021.10.win32_1.0.0.202111181127/tools/bin/../lib/gcc/arm-none-eabi/10.3.1/thumb/v7e-m+fp/hard\libgcc.a

.debug_info     0x0000000000000000     0xaed4
 .debug_info    0x0000000000000000      0xed4 ./Core/Src/main.o
 .debug_info    0x0000000000000ed4      0xc1b ./Core/Src/stm32f3xx_hal_msp.o
 .debug_info    0x0000000000001aef      0x765 ./Core/Src/stm32f3xx_it.o
 .debug_info    0x0000000000002254      0x416 ./Core/Src/system_stm32f3xx.o
 .debug_info    0x000000000000266a       0x22 ./Core/Startup/startup_stm32f303vetx.o
 .debug_info    0x000000000000268c      0x837 ./Drivers/STM32F3xx_HAL_Driver/Src/stm32f3xx_hal.o
 .debug_info    0x0000000000002ec3      0xdb5 ./Drivers/STM32F3xx_HAL_Driver/Src/stm32f3xx_hal_cortex.o
 .debug_info    0x0000000000003c78      0x757 ./Drivers/STM32F3xx_HAL_Driver/Src/stm32f3xx_hal_dma.o
 .debug_info    0x00000000000043cf      0x74e ./Drivers/STM32F3xx_HAL_Driver/Src/stm32f3xx_hal_gpio.o
 .debug_info    0x0000000000004b1d     0x1597 ./Drivers/STM32F3xx_HAL_Driver/Src/stm32f3xx_hal_rcc.o
 .debug_info    0x00000000000060b4      0x67f ./Drivers/STM32F3xx_HAL_Driver/Src/stm32f3xx_hal_rcc_ex.o
 .debug_info    0x0000000000006733     0x3ad3 ./Drivers/STM32F3xx_HAL_Driver/Src/stm32f3xx_hal_uart.o
 .debug_info    0x000000000000a206      0xcce ./Drivers/STM32F3xx_HAL_Driver/Src/stm32f3xx_hal_uart_ex.o

.debug_abbrev   0x0000000000000000     0x1a69
 .debug_abbrev  0x0000000000000000      0x286 ./Core/Src/main.o
 .debug_abbrev  0x0000000000000286      0x1da ./Core/Src/stm32f3xx_hal_msp.o
 .debug_abbrev  0x0000000000000460      0x15f ./Core/Src/stm32f3xx_it.o
 .debug_abbrev  0x00000000000005bf      0x116 ./Core/Src/system_stm32f3xx.o
 .debug_abbrev  0x00000000000006d5       0x12 ./Core/Startup/startup_stm32f303vetx.o
 .debug_abbrev  0x00000000000006e7      0x20e ./Drivers/STM32F3xx_HAL_Driver/Src/stm32f3xx_hal.o
 .debug_abbrev  0x00000000000008f5      0x316 ./Drivers/STM32F3xx_HAL_Driver/Src/stm32f3xx_hal_cortex.o
 .debug_abbrev  0x0000000000000c0b      0x1fe ./Drivers/STM32F3xx_HAL_Driver/Src/stm32f3xx_hal_dma.o
 .debug_abbrev  0x0000000000000e09      0x1bb ./Drivers/STM32F3xx_HAL_Driver/Src/stm32f3xx_hal_gpio.o
 .debug_abbrev  0x0000000000000fc4      0x30c ./Drivers/STM32F3xx_HAL_Driver/Src/stm32f3xx_hal_rcc.o
 .debug_abbrev  0x00000000000012d0      0x239 ./Drivers/STM32F3xx_HAL_Driver/Src/stm32f3xx_hal_rcc_ex.o
 .debug_abbrev  0x0000000000001509      0x2bc ./Drivers/STM32F3xx_HAL_Driver/Src/stm32f3xx_hal_uart.o
 .debug_abbrev  0x00000000000017c5      0x2a4 ./Drivers/STM32F3xx_HAL_Driver/Src/stm32f3xx_hal_uart_ex.o

.debug_aranges  0x0000000000000000      0x778
 .debug_aranges
                0x0000000000000000       0x58 ./Core/Src/main.o
 .debug_aranges
                0x0000000000000058       0x30 ./Core/Src/stm32f3xx_hal_msp.o
 .debug_aranges
                0x0000000000000088       0x78 ./Core/Src/stm32f3xx_it.o
 .debug_aranges
                0x0000000000000100       0x28 ./Core/Src/system_stm32f3xx.o
 .debug_aranges
                0x0000000000000128       0x28 ./Core/Startup/startup_stm32f303vetx.o
 .debug_aranges
                0x0000000000000150       0xe0 ./Drivers/STM32F3xx_HAL_Driver/Src/stm32f3xx_hal.o
 .debug_aranges
                0x0000000000000230      0x118 ./Drivers/STM32F3xx_HAL_Driver/Src/stm32f3xx_hal_cortex.o
 .debug_aranges
                0x0000000000000348       0x88 ./Drivers/STM32F3xx_HAL_Driver/Src/stm32f3xx_hal_dma.o
 .debug_aranges
                0x00000000000003d0       0x58 ./Drivers/STM32F3xx_HAL_Driver/Src/stm32f3xx_hal_gpio.o
 .debug_aranges
                0x0000000000000428       0x88 ./Drivers/STM32F3xx_HAL_Driver/Src/stm32f3xx_hal_rcc.o
 .debug_aranges
                0x00000000000004b0       0x38 ./Drivers/STM32F3xx_HAL_Driver/Src/stm32f3xx_hal_rcc_ex.o
 .debug_aranges
                0x00000000000004e8      0x228 ./Drivers/STM32F3xx_HAL_Driver/Src/stm32f3xx_hal_uart.o
 .debug_aranges
                0x0000000000000710       0x68 ./Drivers/STM32F3xx_HAL_Driver/Src/stm32f3xx_hal_uart_ex.o

.debug_ranges   0x0000000000000000      0x6e0
 .debug_ranges  0x0000000000000000       0x48 ./Core/Src/main.o
 .debug_ranges  0x0000000000000048       0x20 ./Core/Src/stm32f3xx_hal_msp.o
 .debug_ranges  0x0000000000000068       0x68 ./Core/Src/stm32f3xx_it.o
 .debug_ranges  0x00000000000000d0       0x18 ./Core/Src/system_stm32f3xx.o
 .debug_ranges  0x00000000000000e8       0x20 ./Core/Startup/startup_stm32f303vetx.o
 .debug_ranges  0x0000000000000108       0xd0 ./Drivers/STM32F3xx_HAL_Driver/Src/stm32f3xx_hal.o
 .debug_ranges  0x00000000000001d8      0x108 ./Drivers/STM32F3xx_HAL_Driver/Src/stm32f3xx_hal_cortex.o
 .debug_ranges  0x00000000000002e0       0x78 ./Drivers/STM32F3xx_HAL_Driver/Src/stm32f3xx_hal_dma.o
 .debug_ranges  0x0000000000000358       0x48 ./Drivers/STM32F3xx_HAL_Driver/Src/stm32f3xx_hal_gpio.o
 .debug_ranges  0x00000000000003a0       0x78 ./Drivers/STM32F3xx_HAL_Driver/Src/stm32f3xx_hal_rcc.o
 .debug_ranges  0x0000000000000418       0x28 ./Drivers/STM32F3xx_HAL_Driver/Src/stm32f3xx_hal_rcc_ex.o
 .debug_ranges  0x0000000000000440      0x248 ./Drivers/STM32F3xx_HAL_Driver/Src/stm32f3xx_hal_uart.o
 .debug_ranges  0x0000000000000688       0x58 ./Drivers/STM32F3xx_HAL_Driver/Src/stm32f3xx_hal_uart_ex.o

.debug_macro    0x0000000000000000    0x1fbd7
 .debug_macro   0x0000000000000000      0x332 ./Core/Src/main.o
 .debug_macro   0x0000000000000332      0xa78 ./Core/Src/main.o
 .debug_macro   0x0000000000000daa      0x151 ./Core/Src/main.o
 .debug_macro   0x0000000000000efb       0x2e ./Core/Src/main.o
 .debug_macro   0x0000000000000f29       0x28 ./Core/Src/main.o
 .debug_macro   0x0000000000000f51       0x22 ./Core/Src/main.o
 .debug_macro   0x0000000000000f73       0x8e ./Core/Src/main.o
 .debug_macro   0x0000000000001001       0x51 ./Core/Src/main.o
 .debug_macro   0x0000000000001052      0x103 ./Core/Src/main.o
 .debug_macro   0x0000000000001155       0x6a ./Core/Src/main.o
 .debug_macro   0x00000000000011bf      0x1df ./Core/Src/main.o
 .debug_macro   0x000000000000139e       0x1c ./Core/Src/main.o
 .debug_macro   0x00000000000013ba       0x22 ./Core/Src/main.o
 .debug_macro   0x00000000000013dc       0xd9 ./Core/Src/main.o
 .debug_macro   0x00000000000014b5     0x102d ./Core/Src/main.o
 .debug_macro   0x00000000000024e2      0x11f ./Core/Src/main.o
 .debug_macro   0x0000000000002601    0x1535a ./Core/Src/main.o
 .debug_macro   0x000000000001795b       0x6d ./Core/Src/main.o
 .debug_macro   0x00000000000179c8     0x3540 ./Core/Src/main.o
 .debug_macro   0x000000000001af08      0x174 ./Core/Src/main.o
 .debug_macro   0x000000000001b07c       0x55 ./Core/Src/main.o
 .debug_macro   0x000000000001b0d1      0x954 ./Core/Src/main.o
 .debug_macro   0x000000000001ba25      0x84a ./Core/Src/main.o
 .debug_macro   0x000000000001c26f      0x1b6 ./Core/Src/main.o
 .debug_macro   0x000000000001c425      0x23a ./Core/Src/main.o
 .debug_macro   0x000000000001c65f      0x1ea ./Core/Src/main.o
 .debug_macro   0x000000000001c849      0x1bc ./Core/Src/main.o
 .debug_macro   0x000000000001ca05       0x30 ./Core/Src/main.o
 .debug_macro   0x000000000001ca35       0x3c ./Core/Src/main.o
 .debug_macro   0x000000000001ca71      0x236 ./Core/Src/main.o
 .debug_macro   0x000000000001cca7       0xc5 ./Core/Src/main.o
 .debug_macro   0x000000000001cd6c      0x21d ./Core/Src/main.o
 .debug_macro   0x000000000001cf89      0x22c ./Core/Src/main.o
 .debug_macro   0x000000000001d1b5       0x5b ./Core/Src/main.o
 .debug_macro   0x000000000001d210       0xa5 ./Core/Src/main.o
 .debug_macro   0x000000000001d2b5       0x81 ./Core/Src/main.o
 .debug_macro   0x000000000001d336       0xd3 ./Core/Src/main.o
 .debug_macro   0x000000000001d409      0x5a5 ./Core/Src/main.o
 .debug_macro   0x000000000001d9ae       0x44 ./Core/Src/main.o
 .debug_macro   0x000000000001d9f2      0x347 ./Core/Src/main.o
 .debug_macro   0x000000000001dd39       0x52 ./Core/Src/main.o
 .debug_macro   0x000000000001dd8b       0x1e ./Core/Src/main.o
 .debug_macro   0x000000000001dda9       0x3c ./Core/Src/main.o
 .debug_macro   0x000000000001dde5       0x34 ./Core/Src/main.o
 .debug_macro   0x000000000001de19       0x16 ./Core/Src/main.o
 .debug_macro   0x000000000001de2f       0x35 ./Core/Src/main.o
 .debug_macro   0x000000000001de64      0x341 ./Core/Src/main.o
 .debug_macro   0x000000000001e1a5       0x10 ./Core/Src/main.o
 .debug_macro   0x000000000001e1b5       0x16 ./Core/Src/main.o
 .debug_macro   0x000000000001e1cb       0x43 ./Core/Src/main.o
 .debug_macro   0x000000000001e20e       0x34 ./Core/Src/main.o
 .debug_macro   0x000000000001e242       0x10 ./Core/Src/main.o
 .debug_macro   0x000000000001e252       0x58 ./Core/Src/main.o
 .debug_macro   0x000000000001e2aa       0x71 ./Core/Src/main.o
 .debug_macro   0x000000000001e31b       0x1c ./Core/Src/main.o
 .debug_macro   0x000000000001e337      0x12a ./Core/Src/main.o
 .debug_macro   0x000000000001e461       0x10 ./Core/Src/main.o
 .debug_macro   0x000000000001e471       0x1c ./Core/Src/main.o
 .debug_macro   0x000000000001e48d       0x52 ./Core/Src/main.o
 .debug_macro   0x000000000001e4df       0x22 ./Core/Src/main.o
 .debug_macro   0x000000000001e501       0x10 ./Core/Src/main.o
 .debug_macro   0x000000000001e511       0x52 ./Core/Src/main.o
 .debug_macro   0x000000000001e563       0xd5 ./Core/Src/main.o
 .debug_macro   0x000000000001e638       0x1c ./Core/Src/main.o
 .debug_macro   0x000000000001e654       0x3d ./Core/Src/main.o
 .debug_macro   0x000000000001e691       0x16 ./Core/Src/main.o
 .debug_macro   0x000000000001e6a7      0x145 ./Core/Src/main.o
 .debug_macro   0x000000000001e7ec      0x1cd ./Core/Src/stm32f3xx_hal_msp.o
 .debug_macro   0x000000000001e9b9      0x1d7 ./Core/Src/stm32f3xx_it.o
 .debug_macro   0x000000000001eb90      0x1c3 ./Core/Src/system_stm32f3xx.o
 .debug_macro   0x000000000001ed53      0x1e7 ./Drivers/STM32F3xx_HAL_Driver/Src/stm32f3xx_hal.o
 .debug_macro   0x000000000001ef3a      0x1c3 ./Drivers/STM32F3xx_HAL_Driver/Src/stm32f3xx_hal_cortex.o
 .debug_macro   0x000000000001f0fd      0x1c3 ./Drivers/STM32F3xx_HAL_Driver/Src/stm32f3xx_hal_dma.o
 .debug_macro   0x000000000001f2c0      0x1ca ./Drivers/STM32F3xx_HAL_Driver/Src/stm32f3xx_hal_gpio.o
 .debug_macro   0x000000000001f48a      0x1e7 ./Drivers/STM32F3xx_HAL_Driver/Src/stm32f3xx_hal_rcc.o
 .debug_macro   0x000000000001f671      0x1c3 ./Drivers/STM32F3xx_HAL_Driver/Src/stm32f3xx_hal_rcc_ex.o
 .debug_macro   0x000000000001f834      0x1e0 ./Drivers/STM32F3xx_HAL_Driver/Src/stm32f3xx_hal_uart.o
 .debug_macro   0x000000000001fa14      0x1c3 ./Drivers/STM32F3xx_HAL_Driver/Src/stm32f3xx_hal_uart_ex.o

.debug_line     0x0000000000000000     0xbf61
 .debug_line    0x0000000000000000      0xd1c ./Core/Src/main.o
 .debug_line    0x0000000000000d1c      0x8e2 ./Core/Src/stm32f3xx_hal_msp.o
 .debug_line    0x00000000000015fe      0x944 ./Core/Src/stm32f3xx_it.o
 .debug_line    0x0000000000001f42      0x8b5 ./Core/Src/system_stm32f3xx.o
 .debug_line    0x00000000000027f7       0x88 ./Core/Startup/startup_stm32f303vetx.o
 .debug_line    0x000000000000287f      0xae5 ./Drivers/STM32F3xx_HAL_Driver/Src/stm32f3xx_hal.o
 .debug_line    0x0000000000003364      0xdaa ./Drivers/STM32F3xx_HAL_Driver/Src/stm32f3xx_hal_cortex.o
 .debug_line    0x000000000000410e      0xdf7 ./Drivers/STM32F3xx_HAL_Driver/Src/stm32f3xx_hal_dma.o
 .debug_line    0x0000000000004f05      0xc6e ./Drivers/STM32F3xx_HAL_Driver/Src/stm32f3xx_hal_gpio.o
 .debug_line    0x0000000000005b73     0x14da ./Drivers/STM32F3xx_HAL_Driver/Src/stm32f3xx_hal_rcc.o
 .debug_line    0x000000000000704d     0x1001 ./Drivers/STM32F3xx_HAL_Driver/Src/stm32f3xx_hal_rcc_ex.o
 .debug_line    0x000000000000804e     0x3277 ./Drivers/STM32F3xx_HAL_Driver/Src/stm32f3xx_hal_uart.o
 .debug_line    0x000000000000b2c5      0xc9c ./Drivers/STM32F3xx_HAL_Driver/Src/stm32f3xx_hal_uart_ex.o

.debug_str      0x0000000000000000    0xc0002
 .debug_str     0x0000000000000000    0xbe490 ./Core/Src/main.o
                                      0xbecbf (size before relaxing)
 .debug_str     0x00000000000be490      0x106 ./Core/Src/stm32f3xx_hal_msp.o
                                      0xbac34 (size before relaxing)
 .debug_str     0x00000000000be596      0x134 ./Core/Src/stm32f3xx_it.o
                                      0xba6f4 (size before relaxing)
 .debug_str     0x00000000000be6ca       0xe9 ./Core/Src/system_stm32f3xx.o
                                      0xba2cd (size before relaxing)
 .debug_str     0x00000000000be7b3       0x36 ./Core/Startup/startup_stm32f303vetx.o
                                         0x5d (size before relaxing)
 .debug_str     0x00000000000be7e9      0x3a1 ./Drivers/STM32F3xx_HAL_Driver/Src/stm32f3xx_hal.o
                                      0xbab76 (size before relaxing)
 .debug_str     0x00000000000beb8a      0x345 ./Drivers/STM32F3xx_HAL_Driver/Src/stm32f3xx_hal_cortex.o
                                      0xbabc8 (size before relaxing)
 .debug_str     0x00000000000beecf      0x21e ./Drivers/STM32F3xx_HAL_Driver/Src/stm32f3xx_hal_dma.o
                                      0xba615 (size before relaxing)
 .debug_str     0x00000000000bf0ed      0x1c1 ./Drivers/STM32F3xx_HAL_Driver/Src/stm32f3xx_hal_gpio.o
                                      0xba4b2 (size before relaxing)
 .debug_str     0x00000000000bf2ae      0x2dd ./Drivers/STM32F3xx_HAL_Driver/Src/stm32f3xx_hal_rcc.o
                                      0xba771 (size before relaxing)
 .debug_str     0x00000000000bf58b       0xbe ./Drivers/STM32F3xx_HAL_Driver/Src/stm32f3xx_hal_rcc_ex.o
                                      0xba5bb (size before relaxing)
 .debug_str     0x00000000000bf649      0x812 ./Drivers/STM32F3xx_HAL_Driver/Src/stm32f3xx_hal_uart.o
                                      0xbafc8 (size before relaxing)
 .debug_str     0x00000000000bfe5b      0x1a7 ./Drivers/STM32F3xx_HAL_Driver/Src/stm32f3xx_hal_uart_ex.o
                                      0xba8b3 (size before relaxing)

.comment        0x0000000000000000       0x50
 .comment       0x0000000000000000       0x50 ./Core/Src/main.o
                                         0x51 (size before relaxing)
 .comment       0x0000000000000050       0x51 ./Core/Src/stm32f3xx_hal_msp.o
 .comment       0x0000000000000050       0x51 ./Core/Src/stm32f3xx_it.o
 .comment       0x0000000000000050       0x51 ./Core/Src/system_stm32f3xx.o
 .comment       0x0000000000000050       0x51 ./Drivers/STM32F3xx_HAL_Driver/Src/stm32f3xx_hal.o
 .comment       0x0000000000000050       0x51 ./Drivers/STM32F3xx_HAL_Driver/Src/stm32f3xx_hal_cortex.o
 .comment       0x0000000000000050       0x51 ./Drivers/STM32F3xx_HAL_Driver/Src/stm32f3xx_hal_dma.o
 .comment       0x0000000000000050       0x51 ./Drivers/STM32F3xx_HAL_Driver/Src/stm32f3xx_hal_gpio.o
 .comment       0x0000000000000050       0x51 ./Drivers/STM32F3xx_HAL_Driver/Src/stm32f3xx_hal_rcc.o
 .comment       0x0000000000000050       0x51 ./Drivers/STM32F3xx_HAL_Driver/Src/stm32f3xx_hal_rcc_ex.o
 .comment       0x0000000000000050       0x51 ./Drivers/STM32F3xx_HAL_Driver/Src/stm32f3xx_hal_uart.o
 .comment       0x0000000000000050       0x51 ./Drivers/STM32F3xx_HAL_Driver/Src/stm32f3xx_hal_uart_ex.o

.debug_frame    0x0000000000000000     0x1d14
 .debug_frame   0x0000000000000000      0x11c ./Core/Src/main.o
 .debug_frame   0x000000000000011c       0x80 ./Core/Src/stm32f3xx_hal_msp.o
 .debug_frame   0x000000000000019c      0x158 ./Core/Src/stm32f3xx_it.o
 .debug_frame   0x00000000000002f4       0x58 ./Core/Src/system_stm32f3xx.o
 .debug_frame   0x000000000000034c      0x334 ./Drivers/STM32F3xx_HAL_Driver/Src/stm32f3xx_hal.o
 .debug_frame   0x0000000000000680      0x498 ./Drivers/STM32F3xx_HAL_Driver/Src/stm32f3xx_hal_cortex.o
 .debug_frame   0x0000000000000b18      0x224 ./Drivers/STM32F3xx_HAL_Driver/Src/stm32f3xx_hal_dma.o
 .debug_frame   0x0000000000000d3c      0x14c ./Drivers/STM32F3xx_HAL_Driver/Src/stm32f3xx_hal_gpio.o
 .debug_frame   0x0000000000000e88      0x214 ./Drivers/STM32F3xx_HAL_Driver/Src/stm32f3xx_hal_rcc.o
 .debug_frame   0x000000000000109c       0xb4 ./Drivers/STM32F3xx_HAL_Driver/Src/stm32f3xx_hal_rcc_ex.o
 .debug_frame   0x0000000000001150      0x9e8 ./Drivers/STM32F3xx_HAL_Driver/Src/stm32f3xx_hal_uart.o
 .debug_frame   0x0000000000001b38      0x190 ./Drivers/STM32F3xx_HAL_Driver/Src/stm32f3xx_hal_uart_ex.o
 .debug_frame   0x0000000000001cc8       0x2c d:/vxt/st-stm32cubeide_1.10.1/stm32cubeide_1.10.1/stm32cubeide/plugins/com.st.stm32cube.ide.mcu.externaltools.gnu-tools-for-stm32.10.3-2021.10.win32_1.0.0.202111181127/tools/bin/../lib/gcc/arm-none-eabi/10.3.1/../../../../arm-none-eabi/lib/thumb/v7e-m+fp/hard\libc_nano.a(lib_a-init.o)
 .debug_frame   0x0000000000001cf4       0x20 d:/vxt/st-stm32cubeide_1.10.1/stm32cubeide_1.10.1/stm32cubeide/plugins/com.st.stm32cube.ide.mcu.externaltools.gnu-tools-for-stm32.10.3-2021.10.win32_1.0.0.202111181127/tools/bin/../lib/gcc/arm-none-eabi/10.3.1/../../../../arm-none-eabi/lib/thumb/v7e-m+fp/hard\libc_nano.a(lib_a-memset.o)
